[22:42:55] [main/INFO]: Loading Minecraft 1.21.1 with Fabric Loader 0.16.3
[22:42:55] [main/INFO]: Loading 4 mods:
	- fabricloader 0.16.3
	   \-- mixinextras 0.4.1
	- java 21
	- minecraft 1.21.1
[22:42:55] [main/INFO]: SpongePowered MIXIN Subsystem Version=0.8.7 Source=file:/workspaces/Evidencia-Apps_Distribuidas-2/servidor_minecraft/libraries/net/fabricmc/sponge-mixin/0.15.2+mixin.0.8.7/sponge-mixin-0.15.2+mixin.0.8.7.jar Service=Knot/Fabric Env=SERVER
[22:43:01] [main/INFO]: Environment: Environment[sessionHost=https://sessionserver.mojang.com, servicesHost=https://api.minecraftservices.com, name=PROD]
[22:43:01] [main/INFO]: No existing world data, creating new world
[22:43:02] [main/INFO]: Loaded 1290 recipes
[22:43:02] [main/INFO]: Loaded 1399 advancements
[22:43:03] [Server thread/INFO]: Starting minecraft server version 1.21.1
[22:43:03] [Server thread/INFO]: Loading properties
[22:43:03] [Server thread/INFO]: Default game type: SURVIVAL
[22:43:03] [Server thread/INFO]: Generating keypair
[22:43:03] [Server thread/INFO]: Starting Minecraft server on *:25565
[22:43:03] [Server thread/INFO]: Using epoll channel type
[22:43:03] [Server thread/WARN]: **** SERVER IS RUNNING IN OFFLINE/INSECURE MODE!
[22:43:03] [Server thread/WARN]: The server will make no attempt to authenticate usernames. Beware.
[22:43:03] [Server thread/WARN]: While this makes the game possible to play without internet access, it also opens up the ability for hackers to connect with any username they choose.
[22:43:03] [Server thread/WARN]: To change this, set "online-mode" to "true" in the server.properties file.
[22:43:03] [Server thread/INFO]: Preparing level "world"
[22:43:10] [Server thread/INFO]: Preparing start region for dimension minecraft:overworld
[22:43:10] [Worker-Main-3/INFO]: Preparing spawn area: 2%
[22:43:11] [Worker-Main-2/INFO]: Preparing spawn area: 2%
[22:43:11] [Worker-Main-3/INFO]: Preparing spawn area: 2%
[22:43:11] [Worker-Main-2/INFO]: Preparing spawn area: 2%
[22:43:12] [Worker-Main-3/INFO]: Preparing spawn area: 14%
[22:43:12] [Worker-Main-3/INFO]: Preparing spawn area: 18%
[22:43:13] [Worker-Main-1/INFO]: Preparing spawn area: 18%
[22:43:13] [Worker-Main-3/INFO]: Preparing spawn area: 40%
[22:43:14] [Worker-Main-2/INFO]: Preparing spawn area: 51%
[22:43:14] [Worker-Main-2/INFO]: Preparing spawn area: 51%
[22:43:15] [Worker-Main-2/INFO]: Preparing spawn area: 51%
[22:43:15] [Server thread/INFO]: Time elapsed: 5267 ms
[22:43:15] [Server thread/INFO]: Done (12.092s)! For help, type "help"
[22:44:58] [Server thread/INFO]: Vicking2001[/127.145.241.207:59569] logged in with entity id 20 at (-67.5, 80.0, 17.5)
[22:44:58] [Server thread/INFO]: Vicking2001 joined the game
[22:45:43] [Server thread/INFO]: Vicking2001 lost connection: Disconnected
[22:45:43] [Server thread/INFO]: Vicking2001 left the game
[22:49:09] [Server thread/INFO]: /advancement (grant|revoke)
[22:49:09] [Server thread/INFO]: /attribute <target> <attribute> (get|base|modifier)
[22:49:09] [Server thread/INFO]: /execute (run|if|unless|as|at|store|positioned|rotated|facing|align|anchored|in|summon|on)
[22:49:09] [Server thread/INFO]: /bossbar (add|remove|list|set|get)
[22:49:09] [Server thread/INFO]: /clear [<targets>]
[22:49:09] [Server thread/INFO]: /clone (<begin>|from)
[22:49:09] [Server thread/INFO]: /damage <target> <amount> [<damageType>]
[22:49:09] [Server thread/INFO]: /data (merge|get|remove|modify)
[22:49:09] [Server thread/INFO]: /datapack (enable|disable|list)
[22:49:09] [Server thread/INFO]: /debug (start|stop|function)
[22:49:09] [Server thread/INFO]: /defaultgamemode <gamemode>
[22:49:09] [Server thread/INFO]: /difficulty [peaceful|easy|normal|hard]
[22:49:09] [Server thread/INFO]: /effect (clear|give)
[22:49:09] [Server thread/INFO]: /me <action>
[22:49:09] [Server thread/INFO]: /enchant <targets> <enchantment> [<level>]
[22:49:09] [Server thread/INFO]: /experience (add|set|query)
[22:49:09] [Server thread/INFO]: /xp -> experience
[22:49:09] [Server thread/INFO]: /fill <from> <to> <block> [replace|keep|outline|hollow|destroy]
[22:49:09] [Server thread/INFO]: /fillbiome <from> <to> <biome> [replace]
[22:49:09] [Server thread/INFO]: /forceload (add|remove|query)
[22:49:09] [Server thread/INFO]: /function <name> [<arguments>|with]
[22:49:09] [Server thread/INFO]: /gamemode <gamemode> [<target>]
[22:49:09] [Server thread/INFO]: /gamerule (announceAdvancements|blockExplosionDropDecay|commandBlockOutput|commandModificationBlockLimit|disableElytraMovementCheck|disableRaids|doDaylightCycle|doEntityDrops|doFireTick|doImmediateRespawn|doInsomnia|doLimitedCrafting|doMobLoot|doMobSpawning|doPatrolSpawning|doTileDrops|doTraderSpawning|doVinesSpread|doWardenSpawning|doWeatherCycle|drowningDamage|enderPearlsVanishOnDeath|fallDamage|fireDamage|forgiveDeadPlayers|freezeDamage|globalSoundEvents|keepInventory|lavaSourceConversion|logAdminCommands|maxCommandChainLength|maxCommandForkCount|maxEntityCramming|mobExplosionDropDecay|mobGriefing|naturalRegeneration|playersNetherPortalCreativeDelay|playersNetherPortalDefaultDelay|playersSleepingPercentage|projectilesCanBreakBlocks|randomTickSpeed|reducedDebugInfo|sendCommandFeedback|showDeathMessages|snowAccumulationHeight|spawnChunkRadius|spawnRadius|spectatorsGenerateChunks|tntExplosionDropDecay|universalAnger|waterSourceConversion)
[22:49:09] [Server thread/INFO]: /give <targets> <item> [<count>]
[22:49:09] [Server thread/INFO]: /help [<command>]
[22:49:09] [Server thread/INFO]: /item (replace|modify)
[22:49:09] [Server thread/INFO]: /kick <targets> [<reason>]
[22:49:09] [Server thread/INFO]: /kill [<targets>]
[22:49:09] [Server thread/INFO]: /list [uuids]
[22:49:09] [Server thread/INFO]: /locate (structure|biome|poi)
[22:49:09] [Server thread/INFO]: /loot (replace|insert|give|spawn)
[22:49:09] [Server thread/INFO]: /msg <targets> <message>
[22:49:09] [Server thread/INFO]: /tell -> msg
[22:49:09] [Server thread/INFO]: /w -> msg
[22:49:09] [Server thread/INFO]: /particle <name> [<pos>]
[22:49:09] [Server thread/INFO]: /place (feature|jigsaw|structure|template)
[22:49:09] [Server thread/INFO]: /playsound <sound> [master|music|record|weather|block|hostile|neutral|player|ambient|voice]
[22:49:09] [Server thread/INFO]: /random (value|roll|reset)
[22:49:09] [Server thread/INFO]: /reload
[22:49:09] [Server thread/INFO]: /recipe (give|take)
[22:49:09] [Server thread/INFO]: /return (<value>|fail|run)
[22:49:09] [Server thread/INFO]: /ride <target> (mount|dismount)
[22:49:09] [Server thread/INFO]: /say <message>
[22:49:09] [Server thread/INFO]: /schedule (function|clear)
[22:49:09] [Server thread/INFO]: /scoreboard (objectives|players)
[22:49:09] [Server thread/INFO]: /seed
[22:49:09] [Server thread/INFO]: /setblock <pos> <block> [destroy|keep|replace]
[22:49:09] [Server thread/INFO]: /spawnpoint [<targets>]
[22:49:09] [Server thread/INFO]: /setworldspawn [<pos>]
[22:49:09] [Server thread/INFO]: /spectate [<target>]
[22:49:09] [Server thread/INFO]: /spreadplayers <center> <spreadDistance> <maxRange> (<respectTeams>|under)
[22:49:09] [Server thread/INFO]: /stopsound <targets> [*|master|music|record|weather|block|hostile|neutral|player|ambient|voice]
[22:49:09] [Server thread/INFO]: /summon <entity> [<pos>]
[22:49:09] [Server thread/INFO]: /tag <targets> (add|remove|list)
[22:49:09] [Server thread/INFO]: /team (list|add|remove|empty|join|leave|modify)
[22:49:09] [Server thread/INFO]: /teammsg <message>
[22:49:09] [Server thread/INFO]: /tm -> teammsg
[22:49:09] [Server thread/INFO]: /teleport (<location>|<destination>|<targets>)
[22:49:09] [Server thread/INFO]: /tp -> teleport
[22:49:09] [Server thread/INFO]: /tellraw <targets> <message>
[22:49:09] [Server thread/INFO]: /tick (query|rate|step|sprint|unfreeze|freeze)
[22:49:09] [Server thread/INFO]: /time (set|add|query)
[22:49:09] [Server thread/INFO]: /title <targets> (clear|reset|title|subtitle|actionbar|times)
[22:49:09] [Server thread/INFO]: /trigger <objective> [add|set]
[22:49:09] [Server thread/INFO]: /weather (clear|rain|thunder)
[22:49:09] [Server thread/INFO]: /worldborder (add|set|center|damage|get|warning)
[22:49:09] [Server thread/INFO]: /jfr (start|stop)
[22:49:09] [Server thread/INFO]: /ban-ip <target> [<reason>]
[22:49:09] [Server thread/INFO]: /banlist [ips|players]
[22:49:09] [Server thread/INFO]: /ban <targets> [<reason>]
[22:49:09] [Server thread/INFO]: /deop <targets>
[22:49:09] [Server thread/INFO]: /op <targets>
[22:49:09] [Server thread/INFO]: /pardon <targets>
[22:49:09] [Server thread/INFO]: /pardon-ip <target>
[22:49:09] [Server thread/INFO]: /perf (start|stop)
[22:49:09] [Server thread/INFO]: /save-all [flush]
[22:49:09] [Server thread/INFO]: /save-off
[22:49:09] [Server thread/INFO]: /save-on
[22:49:09] [Server thread/INFO]: /setidletimeout <minutes>
[22:49:09] [Server thread/INFO]: /stop
[22:49:09] [Server thread/INFO]: /transfer <hostname> [<port>]
[22:49:09] [Server thread/INFO]: /whitelist (on|off|list|add|remove|reload)
[22:50:51] [Server thread/INFO]: Stopping the server
[22:50:51] [Server thread/INFO]: Stopping server
[22:50:51] [Server thread/INFO]: Saving players
[22:50:51] [Server thread/INFO]: Saving worlds
[22:50:51] [Server thread/INFO]: Saving chunks for level 'ServerLevel[world]'/minecraft:overworld
[22:50:52] [Server thread/INFO]: Saving chunks for level 'ServerLevel[world]'/minecraft:the_nether
[22:50:52] [Server thread/INFO]: Saving chunks for level 'ServerLevel[world]'/minecraft:the_end
[22:50:52] [Server thread/INFO]: ThreadedAnvilChunkStorage (world): All chunks are saved
[22:50:52] [Server thread/INFO]: ThreadedAnvilChunkStorage (DIM-1): All chunks are saved
[22:50:52] [Server thread/INFO]: ThreadedAnvilChunkStorage (DIM1): All chunks are saved
[22:50:52] [Server thread/INFO]: ThreadedAnvilChunkStorage: All dimensions are saved
